2025-02-04 07:31:44,212 INFO  [background-preinit] o.h.v.i.u.Version: HV000001: Hibernate Validator 8.0.2.Final
2025-02-04 07:31:44,264 INFO  [main] o.s.b.StartupInfoLogger: Starting SFLeadApplication using Java 17.0.13 with PID 25937 (/home/ubuntu/repos/DevInPOC3/target/classes started by ubuntu in /home/ubuntu/repos/DevInPOC3)
2025-02-04 07:31:44,265 DEBUG [main] o.s.b.StartupInfoLogger: Running with Spring Boot v3.4.2, Spring v6.2.2
2025-02-04 07:31:44,265 INFO  [main] o.s.b.SpringApplication: No active profile set, falling back to 1 default profile: "default"
2025-02-04 07:31:44,773 INFO  [main] o.s.d.r.c.RepositoryConfigurationDelegate: Bootstrapping Spring Data JPA repositories in DEFAULT mode.
2025-02-04 07:31:44,814 INFO  [main] o.s.d.r.c.RepositoryConfigurationDelegate: Finished Spring Data repository scanning in 33 ms. Found 1 JPA repository interface.
2025-02-04 07:31:45,209 INFO  [main] o.s.b.w.e.t.TomcatWebServer: Tomcat initialized with port 8080 (http)
2025-02-04 07:31:45,217 INFO  [main] o.a.j.l.DirectJDKLog: Initializing ProtocolHandler ["http-nio-8080"]
2025-02-04 07:31:45,219 INFO  [main] o.a.j.l.DirectJDKLog: Starting service [Tomcat]
2025-02-04 07:31:45,220 INFO  [main] o.a.j.l.DirectJDKLog: Starting Servlet engine: [Apache Tomcat/10.1.34]
2025-02-04 07:31:45,262 INFO  [main] o.a.j.l.DirectJDKLog: Initializing Spring embedded WebApplicationContext
2025-02-04 07:31:45,263 INFO  [main] o.s.b.w.s.c.ServletWebServerApplicationContext: Root WebApplicationContext: initialization completed in 962 ms
2025-02-04 07:31:45,364 INFO  [main] o.h.j.i.u.LogHelper: HHH000204: Processing PersistenceUnitInfo [name: default]
2025-02-04 07:31:45,399 INFO  [main] o.h.Version: HHH000412: Hibernate ORM core version 6.6.5.Final
2025-02-04 07:31:45,422 INFO  [main] o.h.c.i.RegionFactoryInitiator: HHH000026: Second-level cache disabled
2025-02-04 07:31:45,612 INFO  [main] o.s.o.j.p.SpringPersistenceUnitInfo: No LoadTimeWeaver setup: ignoring JPA class transformer
2025-02-04 07:31:45,633 INFO  [main] c.z.h.HikariDataSource: HikariPool-1 - Starting...
2025-02-04 07:31:45,765 INFO  [main] c.z.h.p.HikariPool: HikariPool-1 - Added connection conn0: url=jdbc:h2:mem:sfleaddb user=SA
2025-02-04 07:31:45,767 INFO  [main] c.z.h.HikariDataSource: HikariPool-1 - Start completed.
2025-02-04 07:31:45,783 WARN  [main] o.h.e.j.d.i.DialectFactoryImpl: HHH90000025: H2Dialect does not need to be specified explicitly using 'hibernate.dialect' (remove the property setting and it will be selected by default)
2025-02-04 07:31:45,800 INFO  [main] o.h.e.j.e.i.JdbcEnvironmentInitiator: HHH10001005: Database info:
	Database JDBC URL [Connecting through datasource 'HikariDataSource (HikariPool-1)']
	Database driver: undefined/unknown
	Database version: 2.3.232
	Autocommit mode: undefined/unknown
	Isolation level: undefined/unknown
	Minimum pool size: undefined/unknown
	Maximum pool size: undefined/unknown
2025-02-04 07:31:46,396 INFO  [main] o.h.e.t.j.p.i.JtaPlatformInitiator: HHH000489: No JTA platform available (set 'hibernate.transaction.jta.platform' to enable JTA platform integration)
2025-02-04 07:31:46,431 INFO  [main] o.s.o.j.AbstractEntityManagerFactoryBean: Initialized JPA EntityManagerFactory for persistence unit 'default'
2025-02-04 07:31:46,696 WARN  [main] o.s.b.a.o.j.JpaBaseConfiguration$JpaWebConfiguration: spring.jpa.open-in-view is enabled by default. Therefore, database queries may be performed during view rendering. Explicitly configure spring.jpa.open-in-view to disable this warning
2025-02-04 07:31:46,724 INFO  [main] o.s.s.c.a.a.c.InitializeUserDetailsBeanManagerConfigurer$InitializeUserDetailsManagerConfigurer: Global AuthenticationManager configured with UserDetailsService bean with name inMemoryUserDetailsManager
2025-02-04 07:31:46,974 INFO  [main] o.s.b.a.h.H2ConsoleAutoConfiguration$H2ConsoleLogger: H2 console available at '/h2-console'. Database available at 'jdbc:h2:mem:sfleaddb'
2025-02-04 07:31:47,022 INFO  [main] o.a.j.l.DirectJDKLog: Starting ProtocolHandler ["http-nio-8080"]
2025-02-04 07:31:47,036 INFO  [main] o.s.b.w.e.t.TomcatWebServer: Tomcat started on port 8080 (http) with context path '/'
2025-02-04 07:31:47,044 INFO  [main] o.s.b.StartupInfoLogger: Started SFLeadApplication in 3.241 seconds (process running for 3.483)
2025-02-04 07:32:01,890 INFO  [http-nio-8080-exec-1] o.a.j.l.DirectJDKLog: Initializing Spring DispatcherServlet 'dispatcherServlet'
2025-02-04 07:32:01,890 INFO  [http-nio-8080-exec-1] o.s.w.s.FrameworkServlet: Initializing Servlet 'dispatcherServlet'
2025-02-04 07:32:01,891 INFO  [http-nio-8080-exec-1] o.s.w.s.FrameworkServlet: Completed initialization in 1 ms
2025-02-04 07:32:01,989 INFO  [http-nio-8080-exec-1] c.u.b.s.c.SFLeadDetailsController: Received lead details request for applicationId: APP002
2025-02-04 07:32:02,137 INFO  [http-nio-8080-exec-1] c.u.b.s.c.SFLeadDetailsController: Successfully saved lead details for applicationId: APP002
2025-02-04 07:32:11,320 INFO  [http-nio-8080-exec-2] c.u.b.s.c.SFLeadDetailsController: Received lead details request for applicationId: APP003
2025-02-04 07:32:11,323 ERROR [http-nio-8080-exec-2] c.u.b.s.c.SFLeadDetailsController: Validation error for applicationId APP003: Mobile number already exists
2025-02-04 07:36:00,542 INFO  [SpringApplicationShutdownHook] o.s.b.w.e.t.GracefulShutdown: Commencing graceful shutdown. Waiting for active requests to complete
2025-02-04 07:36:00,546 INFO  [tomcat-shutdown] o.s.b.w.e.t.GracefulShutdown: Graceful shutdown complete
2025-02-04 07:36:00,550 INFO  [SpringApplicationShutdownHook] o.s.o.j.AbstractEntityManagerFactoryBean: Closing JPA EntityManagerFactory for persistence unit 'default'
2025-02-04 07:36:00,554 INFO  [SpringApplicationShutdownHook] c.z.h.HikariDataSource: HikariPool-1 - Shutdown initiated...
2025-02-04 07:36:00,556 INFO  [SpringApplicationShutdownHook] c.z.h.HikariDataSource: HikariPool-1 - Shutdown completed.
